Microchip MPLAB XC8 Compiler V2.31

Linker command line:

-W-3 --edf=C:\Program Files\Microchip\xc8\v2.31\pic\dat\en_msgs.txt -cn \
  -h+dist/default/debug\I2C.X.debug.sym \
  --cmf=dist/default/debug\I2C.X.debug.cmf -z -Q18F23K22 \
  -oC:\Users\Dell\AppData\Local\Temp\sgik.2 --defsym=__MPLAB_BUILD=1 \
  -Mdist/default/debug/I2C.X.debug.map -E1 -ver=XC8 Compiler --acfsm=1493 \
  -ASTACK=060h-01FFh -pstack=STACK -ACODE=00h-01FFFh -ACONST=00h-01FFFh \
  -ASMALLCONST=0200h-02FFhx30 -AMEDIUMCONST=0200h-01FFFh -ACOMRAM=01h-05Fh \
  -AABS1=00h-01FFh -ABIGRAM=01h-01FFh -ARAM=060h-0FFh,0100h-01FFh \
  -ABANK0=060h-0FFh -ABANK1=0100h-01FFh -ASFR=0F38h-0F5Fh,0F60h-0FFFh \
  -ACONFIG=0300000h-030000Dh -AIDLOC=0200000h-0200007h \
  -AEEDATA=0F00000h-0F000FFh -peeprom_data=EEDATA \
  -preset_vec=00h,intcode,intcodelo,powerup,init -pramtop=0200h \
  -psmallconst=SMALLCONST -pmediumconst=MEDIUMCONST -pconst=CONST \
  -AFARRAM=00h-00h \
  -prdata=COMRAM,nvrram=COMRAM,nvbit=COMRAM,rbss=COMRAM,rbit=COMRAM \
  -pfarbss=FARRAM,fardata=FARRAM,nvFARRAM=FARRAM \
  -pintsave_regs=BIGRAM,bigbss=BIGRAM,bigdata=BIGRAM -pbss=RAM \
  -pidata=CODE,irdata=CODE,ibigdata=CODE,ifardata=CODE -prparam=COMRAM \
  C:\Users\Dell\AppData\Local\Temp\sgik.o dist/default/debug\I2C.X.debug.o 

Object code version is 3.11

Machine type is 18F23K22



                Name                               Link     Load   Length Selector   Space Scale
C:\Users\Dell\AppData\Local\Temp\sgik.o
                idloc                            200000   200000        8        0       5
                config                           300000   300000        E        0       4
                init                                  0        0        4        0       0
dist/default/debug\I2C.X.debug.o
                idloc                            200000   200000        8        0       5
                config                           300000   300000        E        0       4
                text5                              1D6E     1D6E      292      EB7       0
                text4                              1CCA     1CCA       A4      E65       0
                text3                              1C66     1C66       64      E33       0
                text2                              1C0A     1C0A       26      E05       0
                text1                              1BE6     1BE6       24      DF3       0
                text0                              1BC4     1BC4       22      DE2       0
                cstackCOMRAM                          1        1       15        1       1
                dataCOMRAM                           16       16       14        1       1
                bssCOMRAM                            2A       2A        6        1       1
                cinit                              1C30     1C30       36      E18       0
                nvCOMRAM                             30       30        1        1       1
                idataCOMRAM                        1BB0     1BB0       14     1BB0       0

TOTAL           Name                               Link     Load   Length     Space
        CLASS   STACK          

        CLASS   CODE           
                init                                  0        0        4         0
                text5                              1D6E     1D6E      292         0
                text4                              1CCA     1CCA       A4         0
                text3                              1C66     1C66       64         0
                text2                              1C0A     1C0A       26         0
                text1                              1BE6     1BE6       24         0
                text0                              1BC4     1BC4       22         0
                cinit                              1C30     1C30       36         0
                idataCOMRAM                        1BB0     1BB0       14         0

        CLASS   CONST          

        CLASS   SMALLCONST     

        CLASS   MEDIUMCONST    

        CLASS   COMRAM         
                cstackCOMRAM                          1        1       15         1
                dataCOMRAM                           16       16       14         1
                bssCOMRAM                            2A       2A        6         1
                nvCOMRAM                             30       30        1         1

        CLASS   ABS1           

        CLASS   BIGRAM         

        CLASS   RAM            

        CLASS   BANK0          

        CLASS   BANK1          

        CLASS   SFR            

        CLASS   CONFIG         
                config                           300000   300000        E         4

        CLASS   IDLOC          
                idloc                            200000   200000        8         5

        CLASS   EEDATA         

        CLASS   FARRAM         



SEGMENTS        Name                           Load    Length   Top    Selector   Space  Class

                reset_vec                      000000  000004  000004         0       0  CODE    
                cstackCOMRAM                   000001  000030  000031         1       1  COMRAM  
                idataCOMRAM                    001BB0  000014  001BC4      1BB0       0  CODE    
                text0                          001BC4  000022  001BE6       DE2       0  CODE    
                text1                          001BE6  000024  001C0A       DF3       0  CODE    
                text2                          001C0A  000026  001C30       E05       0  CODE    
                cinit                          001C30  000036  001C66       E18       0  CODE    
                text3                          001C66  000064  001CCA       E33       0  CODE    
                text4                          001CCA  0000A4  001D6E       E65       0  CODE    
                text5                          001D6E  000292  002000       EB7       0  CODE    


UNUSED ADDRESS RANGES

        Name                Unused          Largest block    Delta
        BANK0            000060-0000FF               A0
        BANK1            000100-0001FF              100
        BIGRAM           000031-0001FF              1CF
        CODE             000004-001BAF             1BAC
        COMRAM           000031-00005F               2F
        CONST            000004-001BAF             1BAC
        EEDATA           F00000-F000FF              100
        MEDIUMCONST      000200-001BAF             19B0
        RAM              000060-0001FF               A0
        SFR              000F38-000FFF               28
        SMALLCONST       000200-001BAF              100
        STACK            000060-0001FF              1A0

                                  Symbol Table

?___lldiv                   cstackCOMRAM 000001
DIO_Write@first_powerup     bssCOMRAM    00002E
DIO_init@DIO_info           cstackCOMRAM 000001
DIO_init@first_powerup_init bssCOMRAM    00002F
DIO_init@ret_error          cstackCOMRAM 000005
I2C_Master_Init@baud        cstackCOMRAM 00000E
I2C_Master_Write@data       cstackCOMRAM 000002
_ADCON1                     (abs)        000FC1
_DIO_init                   text5        001D6E
_Dio_configutation_A_7_seg  dataCOMRAM   00001E
_Dio_configutation_A_ADC    dataCOMRAM   000022
_Dio_configutation_B        dataCOMRAM   00001A
_Dio_configutation_C        dataCOMRAM   000026
_Dio_configutation_D        dataCOMRAM   000016
_Dio_configutation_E        bssCOMRAM    00002A
_I2C_Master_Init            text3        001C66
_I2C_Master_Wait            text2        001C0A
_I2C_Master_Write           text1        001BE6
_PORTA                      (abs)        000F80
_RCEN1                      (abs)        007E2B
_SSP1ADD                    (abs)        000FC8
_SSP1BUF                    (abs)        000FC9
_SSP1CON1                   (abs)        000FC6
_SSP1CON2                   (abs)        000FC5
_SSP1STAT                   (abs)        000FC7
_SSPBUF                     (abs)        000FC9
_SSPIF                      (abs)        007CF3
_TRISA                      (abs)        000F92
__HRAM                      (abs)        000000
__Habs1                     abs1         000000
__Hbank0                    bank0        000000
__Hbank1                    bank1        000000
__Hbigbss                   bigbss       000000
__Hbigdata                  bigdata      000000
__Hbigram                   bigram       000000
__Hbss                      bss          000000
__HbssCOMRAM                bssCOMRAM    000000
__Hcinit                    cinit        000000
__Hclrtext                  clrtext      000000
__Hcomram                   comram       000000
__Hconfig                   config       30000E
__Hconst                    const        000000
__HcstackCOMRAM             cstackCOMRAM 000000
__Hdata                     data         000000
__HdataCOMRAM               dataCOMRAM   000000
__Heeprom_data              eeprom_data  000000
__Hfarbss                   farbss       000000
__Hfardata                  fardata      000000
__Hibigdata                 ibigdata     000000
__Hidata                    idata        000000
__HidataCOMRAM              idataCOMRAM  000000
__Hidloc                    idloc        200008
__Hifardata                 ifardata     000000
__Hinit                     init         000004
__Hintcode                  intcode      000000
__Hintcode_body             intcode_body 000000
__Hintcodelo                intcodelo    000000
__Hintentry                 intentry     000000
__Hintret                   intret       000000
__Hintsave_regs             intsave_regs 000000
__Hirdata                   irdata       000000
__Hmediumconst              mediumconst  000000
__HnvCOMRAM                 nvCOMRAM     000000
__HnvFARRAM                 nvFARRAM     000000
__Hnvbit                    nvbit        000000
__Hnvrram                   nvrram       000000
__Hparam                    rparam       000000
__Hpowerup                  powerup      000000
__Hram                      ram          000000
__Hramtop                   ramtop       000200
__Hrbit                     rbit         000000
__Hrbss                     rbss         000000
__Hrdata                    rdata        000000
__Hreset_vec                reset_vec    000000
__Hrparam                   rparam       000000
__Hsfr                      sfr          000000
__Hsmallconst               smallconst   000000
__Hspace_0                  (abs)        002000
__Hspace_1                  (abs)        000031
__Hspace_2                  (abs)        000000
__Hspace_4                  (abs)        60000E
__Hstack                    stack        000000
__Hstruct                   struct       000000
__Htemp                     temp         000000
__Htext                     text         000000
__Htext0                    text0        000000
__Htext1                    text1        000000
__Htext2                    text2        000000
__Htext3                    text3        000000
__Htext4                    text4        000000
__Htext5                    text5        000000
__LRAM                      (abs)        000001
__Labs1                     abs1         000000
__Lbank0                    bank0        000000
__Lbank1                    bank1        000000
__Lbigbss                   bigbss       000000
__Lbigdata                  bigdata      000000
__Lbigram                   bigram       000000
__Lbss                      bss          000000
__LbssCOMRAM                bssCOMRAM    000000
__Lcinit                    cinit        000000
__Lclrtext                  clrtext      000000
__Lcomram                   comram       000000
__Lconfig                   config       000000
__Lconst                    const        000000
__LcstackCOMRAM             cstackCOMRAM 000000
__Ldata                     data         000000
__LdataCOMRAM               dataCOMRAM   000000
__Leeprom_data              eeprom_data  000000
__Lfarbss                   farbss       000000
__Lfardata                  fardata      000000
__Libigdata                 ibigdata     000000
__Lidata                    idata        000000
__LidataCOMRAM              idataCOMRAM  000000
__Lidloc                    idloc        000000
__Lifardata                 ifardata     000000
__Linit                     init         000000
__Lintcode                  intcode      000000
__Lintcode_body             intcode_body 000000
__Lintcodelo                intcodelo    000000
__Lintentry                 intentry     000000
__Lintret                   intret       000000
__Lintsave_regs             intsave_regs 000000
__Lirdata                   irdata       000000
__Lmediumconst              mediumconst  000000
__LnvCOMRAM                 nvCOMRAM     000000
__LnvFARRAM                 nvFARRAM     000000
__Lnvbit                    nvbit        000000
__Lnvrram                   nvrram       000000
__Lparam                    rparam       000000
__Lpowerup                  powerup      000000
__Lram                      ram          000000
__Lramtop                   ramtop       000200
__Lrbit                     rbit         000000
__Lrbss                     rbss         000000
__Lrdata                    rdata        000000
__Lreset_vec                reset_vec    000000
__Lrparam                   rparam       000000
__Lsfr                      sfr          000000
__Lsmallconst               smallconst   000000
__Lspace_0                  (abs)        000000
__Lspace_1                  (abs)        000000
__Lspace_2                  (abs)        000000
__Lspace_4                  (abs)        000000
__Lstack                    stack        000000
__Lstruct                   struct       000000
__Ltemp                     temp         000000
__Ltext                     text         000000
__Ltext0                    text0        000000
__Ltext1                    text1        000000
__Ltext2                    text2        000000
__Ltext3                    text3        000000
__Ltext4                    text4        000000
__Ltext5                    text5        000000
__S0                        (abs)        002000
__S1                        (abs)        000031
__S2                        (abs)        000000
__S4                        (abs)        000000
__S5                        (abs)        000000
___inthi_sp                 stack        000000
___intlo_sp                 stack        000000
___lldiv                    text4        001CCA
___lldiv@counter            cstackCOMRAM 00000D
___lldiv@dividend           cstackCOMRAM 000001
___lldiv@divisor            cstackCOMRAM 000005
___lldiv@quotient           cstackCOMRAM 000009
___param_bank               (abs)        000000
___rparam_used              (abs)        000001
___sp                       stack        000000
__accesstop                 (abs)        000060
__activetblptr              (abs)        000002
__end_of_DIO_init           text5        002000
__end_of_I2C_Master_Init    text3        001CCA
__end_of_I2C_Master_Wait    text2        001C30
__end_of_I2C_Master_Write   text1        001C0A
__end_of___lldiv            text4        001D6E
__end_of__initialization    cinit        001C5C
__end_of_main               text0        001BE6
__initialization            cinit        001C30
__mediumconst               mediumconst  000000
__pbssCOMRAM                bssCOMRAM    00002A
__pcinit                    cinit        001C30
__pcstackCOMRAM             cstackCOMRAM 000001
__pdataCOMRAM               dataCOMRAM   000016
__pidataCOMRAM              idataCOMRAM  001BB0
__pnvCOMRAM                 nvCOMRAM     000030
__ptext0                    text0        001BC4
__ptext1                    text1        001BE6
__ptext2                    text2        001C0A
__ptext3                    text3        001C66
__ptext4                    text4        001CCA
__ptext5                    text5        001D6E
__ramtop                    ramtop       000200
__size_of_DIO_init          (abs)        000000
__size_of_I2C_Master_Init   (abs)        000000
__size_of_I2C_Master_Wait   (abs)        000000
__size_of_I2C_Master_Write  (abs)        000000
__size_of___lldiv           (abs)        000000
__size_of_main              (abs)        000000
__smallconst                smallconst   000000
_is_init                    nvCOMRAM     000030
_main                       text0        001BC4
end_of_initialization       cinit        001C5C
intlevel0                   text         000000
intlevel1                   text         000000
intlevel2                   text         000000
intlevel3                   text         000000
stackhi                     (abs)        0001FF
stacklo                     (abs)        000060
start                       init         000000
start_initialization        cinit        001C30


FUNCTION INFORMATION:

 *************** function _main *****************
 Defined at:
		line 11 in file "main.c"
 Parameters:    Size  Location     Type
		None
 Auto vars:     Size  Location     Type
  ACK_STATUS      1    0        unsigned char 
 Return value:  Size  Location     Type
                  1    wreg      void 
 Registers used:
		wreg, fsr2l, fsr2h, status,2, status,0, cstack
 Tracked objects:
		On entry : 
		On exit  : 
		Unchanged: 
 Data sizes:     COMRAM   BANK0   BANK1
      Params:         0       0       0
      Locals:         1       0       0
      Temps:          0       0       0
      Totals:         1       0       0
Total ram usage:        1 bytes
 Hardware stack levels required when called:    2
 This function calls:
		_I2C_Master_Init
		_I2C_Master_Write
 This function is called by:
		Startup code after reset
 This function uses a non-reentrant model


 *************** function _I2C_Master_Write *****************
 Defined at:
		line 39 in file "i2c_EEPROM.c"
 Parameters:    Size  Location     Type
  data            1    wreg     unsigned char 
 Auto vars:     Size  Location     Type
  data            1    1[COMRAM] unsigned char 
 Return value:  Size  Location     Type
                  1    wreg      unsigned char 
 Registers used:
		wreg, status,2, status,0, cstack
 Tracked objects:
		On entry : 
		On exit  : 
		Unchanged: 
 Data sizes:     COMRAM   BANK0   BANK1
      Params:         0       0       0
      Locals:         1       0       0
      Temps:          0       0       0
      Totals:         1       0       0
Total ram usage:        1 bytes
 Hardware stack levels used:    1
 Hardware stack levels required when called:    1
 This function calls:
		_I2C_Master_Wait
 This function is called by:
		_main
		_EEPROM_Write
		_EEPROM_Write_Page
		_EEPROM_Read
		_EEPROM_Read_Page
 This function uses a non-reentrant model


 *************** function _I2C_Master_Wait *****************
 Defined at:
		line 19 in file "i2c_EEPROM.c"
 Parameters:    Size  Location     Type
		None
 Auto vars:     Size  Location     Type
		None
 Return value:  Size  Location     Type
                  1    wreg      void 
 Registers used:
		wreg, status,2, status,0
 Tracked objects:
		On entry : 
		On exit  : 
		Unchanged: 
 Data sizes:     COMRAM   BANK0   BANK1
      Params:         0       0       0
      Locals:         0       0       0
      Temps:          1       0       0
      Totals:         1       0       0
Total ram usage:        1 bytes
 Hardware stack levels used:    1
 This function calls:
		Nothing
 This function is called by:
		_I2C_Master_Write
		_I2C_Master_Start
		_I2C_Master_RepeatedStart
		_I2C_Master_Stop
		_I2C_Read_Byte
		_I2C_ACK
		_I2C_NACK
 This function uses a non-reentrant model


 *************** function _I2C_Master_Init *****************
 Defined at:
		line 10 in file "i2c_EEPROM.c"
 Parameters:    Size  Location     Type
  baud            4   13[COMRAM] const unsigned long 
 Auto vars:     Size  Location     Type
		None
 Return value:  Size  Location     Type
                  1    wreg      void 
 Registers used:
		wreg, fsr2l, fsr2h, status,2, status,0, cstack
 Tracked objects:
		On entry : 
		On exit  : 
		Unchanged: 
 Data sizes:     COMRAM   BANK0   BANK1
      Params:         4       0       0
      Locals:         0       0       0
      Temps:          4       0       0
      Totals:         8       0       0
Total ram usage:        8 bytes
 Hardware stack levels used:    1
 Hardware stack levels required when called:    1
 This function calls:
		_DIO_init
		___lldiv
 This function is called by:
		_main
		_nvm_Write
 This function uses a non-reentrant model


 *************** function ___lldiv *****************
 Defined at:
		line 7 in file "C:\Program Files\Microchip\xc8\v2.31\pic\sources\c99\common\__lldiv.c"
 Parameters:    Size  Location     Type
  dividend        4    0[COMRAM] unsigned long 
  divisor         4    4[COMRAM] unsigned long 
 Auto vars:     Size  Location     Type
  quotient        4    8[COMRAM] unsigned long 
  counter         1   12[COMRAM] unsigned char 
 Return value:  Size  Location     Type
                  4    0[COMRAM] unsigned long 
 Registers used:
		wreg, status,2, status,0
 Tracked objects:
		On entry : 
		On exit  : 
		Unchanged: 
 Data sizes:     COMRAM   BANK0   BANK1
      Params:         8       0       0
      Locals:         5       0       0
      Temps:          0       0       0
      Totals:        13       0       0
Total ram usage:       13 bytes
 Hardware stack levels used:    1
 This function calls:
		Nothing
 This function is called by:
		_I2C_Master_Init
 This function uses a non-reentrant model


 *************** function _DIO_init *****************
 Defined at:
		line 11 in file "DIO.c"
 Parameters:    Size  Location     Type
  DIO_info        2    0[COMRAM] PTR struct DIO_Cfg_s
		 -> Dio_configutation_C(4), 
 Auto vars:     Size  Location     Type
  ret_error       1    4[COMRAM] unsigned char 
 Return value:  Size  Location     Type
                  1    wreg      unsigned char 
 Registers used:
		wreg, fsr2l, fsr2h, status,2, status,0
 Tracked objects:
		On entry : 
		On exit  : 
		Unchanged: 
 Data sizes:     COMRAM   BANK0   BANK1
      Params:         2       0       0
      Locals:         1       0       0
      Temps:          2       0       0
      Totals:         5       0       0
Total ram usage:        5 bytes
 Hardware stack levels used:    1
 This function calls:
		Nothing
 This function is called by:
		_I2C_Master_Init
 This function uses a non-reentrant model



MODULE INFORMATION

Module		Function		Class		Link	Load	Size
i2c_EEPROM.c
		_I2C_Master_Wait		CODE           	1C0A	0000	38
		_I2C_Master_Init		CODE           	1C66	0000	100
		_I2C_Master_Write		CODE           	1BE6	0000	36

i2c_EEPROM.c estimated size: 174

DIO.c
		_DIO_init      		CODE           	1D6E	0000	658

DIO.c estimated size: 658

shared
		__initialization		CODE           	1C30	0000	44

shared estimated size: 44

main.c
		_main          		CODE           	1BC4	0000	34

main.c estimated size: 34

C:\Program Files\Microchip\xc8\v2.31\pic\sources\c99\common\__lldiv.c
		___lldiv       		CODE           	1CCA	0000	164

C:\Program Files\Microchip\xc8\v2.31\pic\sources\c99\common\__lldiv.c estimated size: 164

